$ git remote
origin

EDWIN@DESKTOP-0G6G7B5 MINGW64 /f/Repositorios/Ed_rojasClaros (master)
$ git remote -v
origin  git@github.com:EdwinRojasCl/Ed_rojasClaros.git (fetch)
origin  git@github.com:EdwinRojasCl/Ed_rojasClaros.git (push)

EDWIN@DESKTOP-0G6G7B5 MINGW64 /f/Repositorios/Ed_rojasClaros (master)
$ git status
On branch master

No commits yet

nothing to commit (create/copy files and use "git add" to track)

EDWIN@DESKTOP-0G6G7B5 MINGW64 /f/Repositorios/Ed_rojasClaros (master)
$ git status
On branch master

No commits yet

Untracked files:
  (use "git add <file>..." to include in what will be committed)

        Readme.txt

nothing added to commit but untracked files present (use "git add" to track)

EDWIN@DESKTOP-0G6G7B5 MINGW64 /f/Repositorios/Ed_rojasClaros (master)
$ git add Readme.txt

EDWIN@DESKTOP-0G6G7B5 MINGW64 /f/Repositorios/Ed_rojasClaros (master)
$ git commit -m "comit a la rama master"
[master (root-commit) 7be70a8] comit a la rama master
 1 file changed, 1 insertion(+)
 create mode 100644 Readme.txt

EDWIN@DESKTOP-0G6G7B5 MINGW64 /f/Repositorios/Ed_rojasClaros (master)
$ git push origin master
Counting objects: 3, done.
Writing objects: 100% (3/3), 249 bytes | 124.00 KiB/s, done.
Total 3 (delta 0), reused 0 (delta 0)
To github.com:EdwinRojasCl/Ed_rojasClaros.git
 * [new branch]      master -> master

EDWIN@DESKTOP-0G6G7B5 MINGW64 /f/Repositorios/Ed_rojasClaros (master)
$ git checkout -b develop
Switched to a new branch 'develop'

EDWIN@DESKTOP-0G6G7B5 MINGW64 /f/Repositorios/Ed_rojasClaros (develop)
$ git status
On branch develop
Untracked files:
  (use "git add <file>..." to include in what will be committed)

        ReadmeDevelop.txt

nothing added to commit but untracked files present (use "git add" to track)

EDWIN@DESKTOP-0G6G7B5 MINGW64 /f/Repositorios/Ed_rojasClaros (develop)
$ git add ReadmeDevelop.txt

EDWIN@DESKTOP-0G6G7B5 MINGW64 /f/Repositorios/Ed_rojasClaros (develop)
$ git push origin develop
Total 0 (delta 0), reused 0 (delta 0)
To github.com:EdwinRojasCl/Ed_rojasClaros.git
 * [new branch]      develop -> develop

EDWIN@DESKTOP-0G6G7B5 MINGW64 /f/Repositorios/Ed_rojasClaros (develop)
